<html>
<body>
<pre>
<h1>µVision Build Log</h1>
<h2>Tool Versions:</h2>
IDE-Version: µVision V5.23.0.0
Copyright (C) 2017 ARM Ltd and ARM Germany GmbH. All rights reserved.
License Information: c207 c207, tni, LIC=----
 
Tool Versions:
Toolchain:       MDK-Lite  Version: 5.23
Toolchain Path:  C:\Keil_v5\ARM\ARMCC\Bin
C Compiler:      Armcc.exe V5.06 update 4 (build 422)
Assembler:       Armasm.exe V5.06 update 4 (build 422)
Linker/Locator:  ArmLink.exe V5.06 update 4 (build 422)
Library Manager: ArmAr.exe V5.06 update 4 (build 422)
Hex Converter:   FromElf.exe V5.06 update 4 (build 422)
CPU DLL:         SARMCM3.DLL V5.23
Dialog DLL:      DCM.DLL V1.15.0.0
Target DLL:      STLink\ST-LINKIII-KEIL_SWO.dll V2.0.18.0
Dialog DLL:      TCM.DLL V1.27.0.0
 
<h2>Project:</h2>
C:\Users\goragod\Downloads\CPE-213-1-62--master\CPE-312 Template\Project\MDK-ARM\STM32L152RB.uvprojx
Project File Date:  08/15/2019

<h2>Output:</h2>
*** Using Compiler 'V5.06 update 4 (build 422)', folder: 'C:\Keil_v5\ARM\ARMCC\Bin'
Rebuild target 'Demonstrate'
assembling startup_stm32l152xb.s...
compiling system_stm32l1xx.c...
compiling stm32l1xx_ll_lcd.c...
compiling main.c...
..\src\main.c(66): warning:  #1-D: last line of file ends without a newline
  }
..\src\main.c: 1 warning, 0 errors
compiling stm32l1xx_ll_rcc.c...
compiling stm32l1xx_ll_pwr.c...
compiling stm32l152_glass_lcd.c...
compiling stm32l1xx_ll_utils.c...
compiling stm32l1xx_ll_gpio.c...
linking...
Program Size: Code=420 RO-data=260 RW-data=0 ZI-data=1632  
".\Objects\STM32L152RB.axf" - 0 Error(s), 1 Warning(s).

<h2>Collection of Component include folders:</h2>
  .\RTE\_Demonstrate
  C:\Keil_v5\ARM\PACK\Keil\STM32L1xx_DFP\1.2.0\Device\Include

<h2>Collection of Component Files used:</h2>
Build Time Elapsed:  00:00:28
</pre>
</body>
</html>
